// Jest Snapshot v1, https://goo.gl/fbAQLP

exports[`CartItem snapshot 1`] = `
<DocumentFragment>
  <div
    class="CartItem py-4 "
  >
    <a
      class="CartItem-name"
      href="/shop/product/1"
    >
      Samsung XG-900 55 inch LCD TV
    </a>
    <div
      class="CartItem-price"
    >
      $400.40
    </div>
    <div
      class="CartItem-quant-adj pt-4 pt-sm-0"
    >
      <span
        class="mr-2 border quantDisplay badge badge-light"
        data-testid="quantDisplay"
      >
        2
      </span>
      <button
        aria-label="increment button"
        class="btn-noStyle text-info increment "
      >
        <svg
          aria-hidden="true"
          class="svg-inline--fa fa-plus-square fa-w-14 fa-1x "
          data-icon="plus-square"
          data-prefix="fas"
          focusable="false"
          role="img"
          viewBox="0 0 448 512"
          xmlns="http://www.w3.org/2000/svg"
        >
          <path
            d="M400 32H48C21.5 32 0 53.5 0 80v352c0 26.5 21.5 48 48 48h352c26.5 0 48-21.5 48-48V80c0-26.5-21.5-48-48-48zm-32 252c0 6.6-5.4 12-12 12h-92v92c0 6.6-5.4 12-12 12h-56c-6.6 0-12-5.4-12-12v-92H92c-6.6 0-12-5.4-12-12v-56c0-6.6 5.4-12 12-12h92v-92c0-6.6 5.4-12 12-12h56c6.6 0 12 5.4 12 12v92h92c6.6 0 12 5.4 12 12v56z"
            fill="currentColor"
          />
        </svg>
      </button>
      <button
        aria-label="decrement button"
        class="btn-noStyle text-secondary "
      >
        <svg
          aria-hidden="true"
          class="svg-inline--fa fa-minus-square fa-w-14 fa-1x "
          data-icon="minus-square"
          data-prefix="fas"
          focusable="false"
          role="img"
          viewBox="0 0 448 512"
          xmlns="http://www.w3.org/2000/svg"
        >
          <path
            d="M400 32H48C21.5 32 0 53.5 0 80v352c0 26.5 21.5 48 48 48h352c26.5 0 48-21.5 48-48V80c0-26.5-21.5-48-48-48zM92 296c-6.6 0-12-5.4-12-12v-56c0-6.6 5.4-12 12-12h264c6.6 0 12 5.4 12 12v56c0 6.6-5.4 12-12 12H92z"
            fill="currentColor"
          />
        </svg>
      </button>
      <button
        aria-label="remove button"
        class="btn-noStyle text-dark ml-2 "
      >
        <svg
          aria-hidden="true"
          class="svg-inline--fa fa-trash-alt fa-w-14 fa-1x "
          data-icon="trash-alt"
          data-prefix="fas"
          focusable="false"
          role="img"
          viewBox="0 0 448 512"
          xmlns="http://www.w3.org/2000/svg"
        >
          <path
            d="M32 464a48 48 0 0 0 48 48h288a48 48 0 0 0 48-48V128H32zm272-256a16 16 0 0 1 32 0v224a16 16 0 0 1-32 0zm-96 0a16 16 0 0 1 32 0v224a16 16 0 0 1-32 0zm-96 0a16 16 0 0 1 32 0v224a16 16 0 0 1-32 0zM432 32H312l-9.4-18.7A24 24 0 0 0 281.1 0H166.8a23.72 23.72 0 0 0-21.4 13.3L136 32H16A16 16 0 0 0 0 48v32a16 16 0 0 0 16 16h416a16 16 0 0 0 16-16V48a16 16 0 0 0-16-16z"
            fill="currentColor"
          />
        </svg>
      </button>
    </div>
    <div
      class="CartItem-total font-weight-bold"
    >
      <div
        style="opacity: 1; transform: none;"
      >
        $800.80
      </div>
    </div>
  </div>
</DocumentFragment>
`;
