// Jest Snapshot v1, https://goo.gl/fbAQLP

exports[`NotFoundPage snapshot 1`] = `
<DocumentFragment>
  <div
    class="sc-aXZVg fziWGN"
  >
    <section
      class="lead text-light"
    >
      <h1>
        404 Page Not Found
      </h1>
      <div>
        <a
          href="/shop"
        >
          <button
            class="btn btn-primary btn-lg"
            type="button"
          >
            Go Home
          </button>
        </a>
      </div>
    </section>
  </div>
</DocumentFragment>
`;
